---
title: 操作系统安装
date: 2019-11-23 14:19:39
tags: 
- 原创
categories: 
- Operating System
---

__阅读更多__

<!--more-->

# 1 镜像站

## 1.1 [网易开源镜像站](http://mirrors.163.com)

以`CentOS-7.7.1908`为例，下载地址为：`http://mirrors.163.com/centos/7.7.1908/isos/x86_64/CentOS-7-x86_64-Minimal-1908.iso`

## 1.2 [centos镜像站](http://mirror.centos.org/)

以`CentOS-7.7.1908`为例，下载地址列表为：`http://isoredirect.centos.org/centos/7.7.1908/isos/x86_64/`

# 2 CentOS装机

__博主安装的是monimal版本__

1. 配网，修改`/etc/sysconfig/network-scripts/ifcfg-enp0s3`，将`ONBOOT`修改为`yes`，然后执行`systemctl restart network`
1. 安装网络工具包`yum install -y net-tools.x86_64`
1. 安装vim`yum install -y vim`

## 2.1 配置分区容量

默认情况下，CentOS会给根分区分配50G的容量，剩余容量则分配给home分区，我们可以通过一组命令简单得调整一下分区容量

__仍然保留两个分区，将大部分的容量都分配给根分区__

```sh
# 1/11: 备份home分区文件
tar cvf /tmp/home.tar /home

# 2/11: 安装 psmisc（fuser）
yum install -y psmisc

# 3/11: 杀死所有占用/home目录的进程
fuser -km /home/

# 4/11: 卸载/home文件系统
umount /home

# 5/11: 删除/home所在的lv
lvremove /dev/mapper/centos-home

# 6/11: 扩展/root所在的lv
lvextend -L +320G /dev/mapper/centos-root

# 7/11: 扩展/root文件系统
xfs_growfs /dev/mapper/centos-root

# 8/11: 创建一个1G的home LV，然后再将所有的空闲分区追加到home LV
lvcreate -L 1G -n /dev/mapper/centos-home
lvextend -l +100%FREE /dev/mapper/centos-home

# 9/11: 创建home文件系统
mkfs.xfs  /dev/mapper/centos-home

# 10/11: 挂载home文件系统
mount /dev/mapper/centos-home

# 11/11: 恢复home文件系统
tar xvf /tmp/home.tar -C /home/
cd /home/home/
mv * ../
```

__只保留根分区，/home只作为根分区的一个目录__

```sh
# 1/9: 备份home分区文件
tar cvf /tmp/home.tar /home

# 2/9: 安装 psmisc（fuser）
yum install -y psmisc

# 3/9: 杀死所有占用/home目录的进程
fuser -km /home/

# 4/9: 卸载/home文件系统
umount /home

# 5/9: 删除/home所在的lv
lvremove /dev/mapper/centos-home

# 6/9: 扩展/root所在的lv
lvextend -l +100%FREE /dev/mapper/centos-root

# 7/9: 扩展/root文件系统
xfs_growfs /dev/mapper/centos-root

# 8/9: 恢复home文件系统
tar -xvf /tmp/home.tar -C /

# 9/9: 删除home分区记录
vim /etc/fstab
```

## 2.2 添加硬盘以及扩容LVM

### 2.2.1 fdisk

```sh
[root@liuyehcf ~]$ fdisk -l
#-------------------------↓↓↓↓↓↓-------------------------
磁盘 /dev/sda：11.9 GB, 11913920512 字节，23269376 个扇区
Units = 扇区 of 1 * 512 = 512 bytes
扇区大小(逻辑/物理)：512 字节 / 512 字节
I/O 大小(最小/最佳)：512 字节 / 512 字节
磁盘标签类型：dos
磁盘标识符：0x000b1653

   设备 Boot      Start         End      Blocks   Id  System
/dev/sda1   *        2048     2099199     1048576   83  Linux
/dev/sda2         2099200    23269375    10585088   8e  Linux LVM

磁盘 /dev/sdb：8589 MB, 8589934592 字节，16777216 个扇区
Units = 扇区 of 1 * 512 = 512 bytes
扇区大小(逻辑/物理)：512 字节 / 512 字节
I/O 大小(最小/最佳)：512 字节 / 512 字节

磁盘 /dev/mapper/centos-root：9642 MB, 9642704896 字节，18833408 个扇区
Units = 扇区 of 1 * 512 = 512 bytes
扇区大小(逻辑/物理)：512 字节 / 512 字节
I/O 大小(最小/最佳)：512 字节 / 512 字节

磁盘 /dev/mapper/centos-swap：1191 MB, 1191182336 字节，2326528 个扇区
Units = 扇区 of 1 * 512 = 512 bytes
扇区大小(逻辑/物理)：512 字节 / 512 字节
I/O 大小(最小/最佳)：512 字节 / 512 字节
#-------------------------↑↑↑↑↑↑-------------------------

[root@liuyehcf ~]$ fdisk /dev/sdb
#-------------------------↓↓↓↓↓↓-------------------------
欢迎使用 fdisk (util-linux 2.23.2)。

更改将停留在内存中，直到您决定将更改写入磁盘。
使用写入命令前请三思。

Device does not contain a recognized partition table
使用磁盘标识符 0xdc61f516 创建新的 DOS 磁盘标签。
#-------------------------↑↑↑↑↑↑-------------------------

命令(输入 m 获取帮助)：m
#-------------------------↓↓↓↓↓↓-------------------------
命令操作
   a   toggle a bootable flag
   b   edit bsd disklabel
   c   toggle the dos compatibility flag
   d   delete a partition
   g   create a new empty GPT partition table
   G   create an IRIX (SGI) partition table
   l   list known partition types
   m   print this menu
   n   add a new partition
   o   create a new empty DOS partition table
   p   print the partition table
   q   quit without saving changes
   s   create a new empty Sun disklabel
   t   change a partitions system id
   u   change display/entry units
   v   verify the partition table
   w   write table to disk and exit
   x   extra functionality (experts only)
#-------------------------↑↑↑↑↑↑-------------------------

命令(输入 m 获取帮助)：n
#-------------------------↓↓↓↓↓↓-------------------------
Partition type:
   p   primary (0 primary, 0 extended, 4 free)
   e   extended
#-------------------------↑↑↑↑↑↑-------------------------

Select (default p): p
分区号 (1-4，默认 1)：# 回车，默认值
起始 扇区 (2048-16777215，默认为 2048)：# 回车，默认值
#-------------------------↓↓↓↓↓↓-------------------------
将使用默认值 2048
#-------------------------↑↑↑↑↑↑-------------------------

Last 扇区, +扇区 or +size{K,M,G} (2048-16777215，默认为 16777215)：# 回车，默认值
#-------------------------↓↓↓↓↓↓-------------------------
将使用默认值 16777215
分区 1 已设置为 Linux 类型，大小设为 8 GiB
#-------------------------↑↑↑↑↑↑-------------------------

命令(输入 m 获取帮助)：t
#-------------------------↓↓↓↓↓↓-------------------------
已选择分区 1
#-------------------------↑↑↑↑↑↑-------------------------

Hex 代码(输入 L 列出所有代码)：L
#-------------------------↓↓↓↓↓↓-------------------------
 0  空              24  NEC DOS         81  Minix / 旧 Linu bf  Solaris
 1  FAT12           27  隐藏的 NTFS Win 82  Linux 交换 / So c1  DRDOS/sec (FAT-
 2  XENIX root      39  Plan 9          83  Linux           c4  DRDOS/sec (FAT-
 3  XENIX usr       3c  PartitionMagic  84  OS/2 隐藏的 C:  c6  DRDOS/sec (FAT-
 4  FAT16 <32M      40  Venix 80286     85  Linux 扩展      c7  Syrinx
 5  扩展            41  PPC PReP Boot   86  NTFS 卷集       da  非文件系统数据
 6  FAT16           42  SFS             87  NTFS 卷集       db  CP/M / CTOS / .
 7  HPFS/NTFS/exFAT 4d  QNX4.x          88  Linux 纯文本    de  Dell 工具
 8  AIX             4e  QNX4.x 第2部分  8e  Linux LVM       df  BootIt
 9  AIX 可启动      4f  QNX4.x 第3部分  93  Amoeba          e1  DOS 访问
 a  OS/2 启动管理器 50  OnTrack DM      94  Amoeba BBT      e3  DOS R/O
 b  W95 FAT32       51  OnTrack DM6 Aux 9f  BSD/OS          e4  SpeedStor
 c  W95 FAT32 (LBA) 52  CP/M            a0  IBM Thinkpad 休 eb  BeOS fs
 e  W95 FAT16 (LBA) 53  OnTrack DM6 Aux a5  FreeBSD         ee  GPT
 f  W95 扩展 (LBA)  54  OnTrackDM6      a6  OpenBSD         ef  EFI (FAT-12/16/
10  OPUS            55  EZ-Drive        a7  NeXTSTEP        f0  Linux/PA-RISC
11  隐藏的 FAT12    56  Golden Bow      a8  Darwin UFS      f1  SpeedStor
12  Compaq 诊断     5c  Priam Edisk     a9  NetBSD          f4  SpeedStor
14  隐藏的 FAT16 <3 61  SpeedStor       ab  Darwin 启动     f2  DOS 次要
16  隐藏的 FAT16    63  GNU HURD or Sys af  HFS / HFS+      fb  VMware VMFS
17  隐藏的 HPFS/NTF 64  Novell Netware  b7  BSDI fs         fc  VMware VMKCORE
18  AST 智能睡眠    65  Novell Netware  b8  BSDI swap       fd  Linux raid 自动
1b  隐藏的 W95 FAT3 70  DiskSecure 多启 bb  Boot Wizard 隐  fe  LANstep
1c  隐藏的 W95 FAT3 75  PC/IX           be  Solaris 启动    ff  BBT
1e  隐藏的 W95 FAT1 80  旧 Minix
#-------------------------↑↑↑↑↑↑-------------------------

Hex 代码(输入 L 列出所有代码)：8e
#-------------------------↓↓↓↓↓↓-------------------------
已将分区“Linux”的类型更改为“Linux LVM”
#-------------------------↑↑↑↑↑↑-------------------------

命令(输入 m 获取帮助)：w
#-------------------------↓↓↓↓↓↓-------------------------
The partition table has been altered!

Calling ioctl() to re-read partition table.
正在同步磁盘。
#-------------------------↑↑↑↑↑↑-------------------------

# 重新读取分区表
[root@liuyehcf ~]$ partprobe
[root@liuyehcf ~]$ fdisk -l
#-------------------------↓↓↓↓↓↓-------------------------
磁盘 /dev/sda：11.9 GB, 11913920512 字节，23269376 个扇区
Units = 扇区 of 1 * 512 = 512 bytes
扇区大小(逻辑/物理)：512 字节 / 512 字节
I/O 大小(最小/最佳)：512 字节 / 512 字节
磁盘标签类型：dos
磁盘标识符：0x000b1653

   设备 Boot      Start         End      Blocks   Id  System
/dev/sda1   *        2048     2099199     1048576   83  Linux
/dev/sda2         2099200    23269375    10585088   8e  Linux LVM

磁盘 /dev/sdb：8589 MB, 8589934592 字节，16777216 个扇区
Units = 扇区 of 1 * 512 = 512 bytes
扇区大小(逻辑/物理)：512 字节 / 512 字节
I/O 大小(最小/最佳)：512 字节 / 512 字节
磁盘标签类型：dos
磁盘标识符：0xd1a484e2

   设备 Boot      Start         End      Blocks   Id  System
/dev/sdb1            2048    16777215     8387584   8e  Linux LVM

磁盘 /dev/mapper/centos-root：9642 MB, 9642704896 字节，18833408 个扇区
Units = 扇区 of 1 * 512 = 512 bytes
扇区大小(逻辑/物理)：512 字节 / 512 字节
I/O 大小(最小/最佳)：512 字节 / 512 字节

磁盘 /dev/mapper/centos-swap：1191 MB, 1191182336 字节，2326528 个扇区
Units = 扇区 of 1 * 512 = 512 bytes
扇区大小(逻辑/物理)：512 字节 / 512 字节
I/O 大小(最小/最佳)：512 字节 / 512 字节
#-------------------------↑↑↑↑↑↑-------------------------

# 查看当前pv
[root@liuyehcf ~]$ pvdisplay
#-------------------------↓↓↓↓↓↓-------------------------
  --- Physical volume ---
  PV Name               /dev/sda2
  VG Name               centos
  PV Size               10.09 GiB / not usable 0
  Allocatable           yes
  PE Size               4.00 MiB
  Total PE              2584
  Free PE               1
  Allocated PE          2583
  PV UUID               R2tmMS-2sUX-cKKu-A3JN-frjv-11hs-zAIOt7
#-------------------------↑↑↑↑↑↑-------------------------

# 创建pv
[root@liuyehcf ~]$ pvcreate /dev/sdb1
#-------------------------↓↓↓↓↓↓-------------------------
  Physical volume "/dev/sdb1" successfully created.
#-------------------------↑↑↑↑↑↑-------------------------

# 再次查看pv
[root@liuyehcf ~]$ pvdisplay
#-------------------------↓↓↓↓↓↓-------------------------
  --- Physical volume ---
  PV Name               /dev/sda2
  VG Name               centos
  PV Size               10.09 GiB / not usable 0
  Allocatable           yes
  PE Size               4.00 MiB
  Total PE              2584
  Free PE               1
  Allocated PE          2583
  PV UUID               R2tmMS-2sUX-cKKu-A3JN-frjv-11hs-zAIOt7

  "/dev/sdb1" is a new physical volume of "<8.00 GiB"
  --- NEW Physical volume ---
  PV Name               /dev/sdb1
  VG Name
  PV Size               <8.00 GiB
  Allocatable           NO
  PE Size               0
  Total PE              0
  Free PE               0
  Allocated PE          0
  PV UUID               1KFdOD-iwWF-w7uy-vOwp-CxKh-X2nj-wlZXqL
#-------------------------↑↑↑↑↑↑-------------------------

# 查看卷组（volume group）
[root@liuyehcf ~]$ vgdisplay
#-------------------------↓↓↓↓↓↓-------------------------
  --- Volume group ---
  VG Name               centos
  System ID
  Format                lvm2
  Metadata Areas        1
  Metadata Sequence No  3
  VG Access             read/write
  VG Status             resizable
  MAX LV                0
  Cur LV                2
  Open LV               2
  Max PV                0
  Cur PV                1
  Act PV                1
  VG Size               10.09 GiB
  PE Size               4.00 MiB
  Total PE              2584
  Alloc PE / Size       2583 / <10.09 GiB
  Free  PE / Size       1 / 4.00 MiB
  VG UUID               dgAwma-p7HF-cIKR-07w9-smjU-twhD-cXGeWy
#-------------------------↑↑↑↑↑↑-------------------------

# 将新的pv加入 centos 卷组
[root@liuyehcf ~]$ vgextend centos /dev/sdb1
#-------------------------↓↓↓↓↓↓-------------------------
  Volume group "centos" successfully extended
#-------------------------↑↑↑↑↑↑-------------------------

# 再次查看卷组，可以看到free PE有8G
[root@liuyehcf ~]$ vgdisplay
#-------------------------↓↓↓↓↓↓-------------------------
  --- Volume group ---
  VG Name               centos
  System ID
  Format                lvm2
  Metadata Areas        2
  Metadata Sequence No  4
  VG Access             read/write
  VG Status             resizable
  MAX LV                0
  Cur LV                2
  Open LV               2
  Max PV                0
  Cur PV                2
  Act PV                2
  VG Size               <18.09 GiB
  PE Size               4.00 MiB
  Total PE              4631
  Alloc PE / Size       2583 / <10.09 GiB
  Free  PE / Size       2048 / 8.00 GiB
  VG UUID               dgAwma-p7HF-cIKR-07w9-smjU-twhD-cXGeWy
#-------------------------↑↑↑↑↑↑-------------------------

# 将当前卷组中剩余 P E添加到 centos-root 中
[root@liuyehcf ~]$ lvextend -l +100%FREE /dev/mapper/centos-root

# 扩展centos-root文件系统
[root@liuyehcf ~]$ xfs_growfs /dev/mapper/centos-root
#-------------------------↓↓↓↓↓↓-------------------------
meta-data=/dev/mapper/centos-root isize=512    agcount=4, agsize=588544 blks
         =                       sectsz=512   attr=2, projid32bit=1
         =                       crc=1        finobt=0 spinodes=0
data     =                       bsize=4096   blocks=2354176, imaxpct=25
         =                       sunit=0      swidth=0 blks
naming   =version 2              bsize=4096   ascii-ci=0 ftype=1
log      =internal               bsize=4096   blocks=2560, version=2
         =                       sectsz=512   sunit=0 blks, lazy-count=1
realtime =none                   extsz=4096   blocks=0, rtextents=0
data blocks changed from 2354176 to 4451328
#-------------------------↑↑↑↑↑↑-------------------------
```

### 2.2.2 parted

`fdisk`最多只能添加容量小于2TB的硬盘，当需要添加大于2TB容量的硬盘时，需要使用`parted`

```sh
[root@liuyehcf ~]$ fdisk -l
#-------------------------↓↓↓↓↓↓-------------------------
磁盘 /dev/sda：11.9 GB, 11913920512 字节，23269376 个扇区
Units = 扇区 of 1 * 512 = 512 bytes
扇区大小(逻辑/物理)：512 字节 / 512 字节
I/O 大小(最小/最佳)：512 字节 / 512 字节
磁盘标签类型：dos
磁盘标识符：0x000b1653

   设备 Boot      Start         End      Blocks   Id  System
/dev/sda1   *        2048     2099199     1048576   83  Linux
/dev/sda2         2099200    23269375    10585088   8e  Linux LVM

磁盘 /dev/sdb：8589 MB, 8589934592 字节，16777216 个扇区
Units = 扇区 of 1 * 512 = 512 bytes
扇区大小(逻辑/物理)：512 字节 / 512 字节
I/O 大小(最小/最佳)：512 字节 / 512 字节

磁盘 /dev/mapper/centos-root：9642 MB, 9642704896 字节，18833408 个扇区
Units = 扇区 of 1 * 512 = 512 bytes
扇区大小(逻辑/物理)：512 字节 / 512 字节
I/O 大小(最小/最佳)：512 字节 / 512 字节

磁盘 /dev/mapper/centos-swap：1191 MB, 1191182336 字节，2326528 个扇区
Units = 扇区 of 1 * 512 = 512 bytes
扇区大小(逻辑/物理)：512 字节 / 512 字节
I/O 大小(最小/最佳)：512 字节 / 512 字节
#-------------------------↑↑↑↑↑↑-------------------------

[root@liuyehcf ~]$ parted /dev/sdb
#-------------------------↓↓↓↓↓↓-------------------------
GNU Parted 3.1
使用 /dev/sdb
Welcome to GNU Parted! Type 'help' to view a list of commands.
#-------------------------↑↑↑↑↑↑-------------------------

(parted) help
#-------------------------↓↓↓↓↓↓-------------------------
  align-check TYPE N                        check partition N for TYPE(min|opt) alignment
  help [COMMAND]                           print general help, or help on COMMAND
  mklabel,mktable LABEL-TYPE               create a new disklabel (partition table)
  mkpart PART-TYPE [FS-TYPE] START END     make a partition
  name NUMBER NAME                         name partition NUMBER as NAME
  print [devices|free|list,all|NUMBER]     display the partition table, available devices, free space, all found partitions, or a particular partition
  quit                                     exit program
  rescue START END                         rescue a lost partition near START and END

  resizepart NUMBER END                    resize partition NUMBER
  rm NUMBER                                delete partition NUMBER
  select DEVICE                            choose the device to edit
  disk_set FLAG STATE                      change the FLAG on selected device
  disk_toggle [FLAG]                       toggle the state of FLAG on selected device
  set NUMBER FLAG STATE                    change the FLAG on partition NUMBER
  toggle [NUMBER [FLAG]]                   toggle the state of FLAG on partition NUMBER
  unit UNIT                                set the default unit to UNIT
  version                                  display the version number and copyright information of GNU Parted
#-------------------------↑↑↑↑↑↑-------------------------

(parted) mklabel gpt
(parted) unit MB
(parted) mkpart primary 0.00MB 8589.00MB
#-------------------------↓↓↓↓↓↓-------------------------
警告: The resulting partition is not properly aligned for best performance.
#-------------------------↑↑↑↑↑↑-------------------------
忽略/Ignore/放弃/Cancel? ignore

(parted) print
#-------------------------↓↓↓↓↓↓-------------------------
Model: ATA VBOX HARDDISK (scsi)
Disk /dev/sdb: 8590MB
Sector size (logical/physical): 512B/512B
Partition Table: gpt
Disk Flags:

Number  Start   End     Size    File system  Name     标志
 1      0.02MB  8589MB  8589MB               primary
#-------------------------↑↑↑↑↑↑-------------------------

(parted) quit
#-------------------------↓↓↓↓↓↓-------------------------
信息: You may need to update /etc/fstab.
#-------------------------↑↑↑↑↑↑-------------------------

# 磁盘格式化
[root@liuyehcf ~]$ mkfs.xfs /dev/sdb1
#-------------------------↓↓↓↓↓↓-------------------------
meta-data=/dev/sdb1              isize=512    agcount=4, agsize=524230 blks
         =                       sectsz=512   attr=2, projid32bit=1
         =                       crc=1        finobt=0, sparse=0
data     =                       bsize=4096   blocks=2096919, imaxpct=25
         =                       sunit=0      swidth=0 blks
naming   =version 2              bsize=4096   ascii-ci=0 ftype=1
log      =internal log           bsize=4096   blocks=2560, version=2
         =                       sectsz=512   sunit=0 blks, lazy-count=1
realtime =none                   extsz=4096   blocks=0, rtextents=0
#-------------------------↑↑↑↑↑↑-------------------------

# 查看物理卷
[root@liuyehcf ~]$ pvdisplay
#-------------------------↓↓↓↓↓↓-------------------------
  --- Physical volume ---
  PV Name               /dev/sda2
  VG Name               centos
  PV Size               10.09 GiB / not usable 0
  Allocatable           yes
  PE Size               4.00 MiB
  Total PE              2584
  Free PE               1
  Allocated PE          2583
  PV UUID               R2tmMS-2sUX-cKKu-A3JN-frjv-11hs-zAIOt7
#-------------------------↑↑↑↑↑↑-------------------------

# 创建物理卷
[root@liuyehcf ~]$ pvcreate /dev/sdb1
WARNING: xfs signature detected on /dev/sdb1 at offset 0. Wipe it? [y/n]: y
#-------------------------↓↓↓↓↓↓-------------------------
  Wiping xfs signature on /dev/sdb1.
  Physical volume "/dev/sdb1" successfully created.
#-------------------------↑↑↑↑↑↑-------------------------

# 查看物理卷，发现多了个 /dev/sdb1
[root@liuyehcf ~]$ pvdisplay
#-------------------------↓↓↓↓↓↓-------------------------
  --- Physical volume ---
  PV Name               /dev/sda2
  VG Name               centos
  PV Size               10.09 GiB / not usable 0
  Allocatable           yes
  PE Size               4.00 MiB
  Total PE              2584
  Free PE               1
  Allocated PE          2583
  PV UUID               R2tmMS-2sUX-cKKu-A3JN-frjv-11hs-zAIOt7

  "/dev/sdb1" is a new physical volume of "<8.00 GiB"
  --- NEW Physical volume ---
  PV Name               /dev/sdb1
  VG Name
  PV Size               <8.00 GiB
  Allocatable           NO
  PE Size               0
  Total PE              0
  Free PE               0
  Allocated PE          0
  PV UUID               cBcZHS-RiCM-OElU-1l7g-fQfT-sazO-yd0eg3
#-------------------------↑↑↑↑↑↑-------------------------

# 查看卷组
[root@liuyehcf ~]$ vgdisplay
#-------------------------↓↓↓↓↓↓-------------------------
  --- Volume group ---
  VG Name               centos
  System ID
  Format                lvm2
  Metadata Areas        1
  Metadata Sequence No  3
  VG Access             read/write
  VG Status             resizable
  MAX LV                0
  Cur LV                2
  Open LV               2
  Max PV                0
  Cur PV                1
  Act PV                1
  VG Size               10.09 GiB
  PE Size               4.00 MiB
  Total PE              2584
  Alloc PE / Size       2583 / <10.09 GiB
  Free  PE / Size       1 / 4.00 MiB
  VG UUID               dgAwma-p7HF-cIKR-07w9-smjU-twhD-cXGeWy
  #-------------------------↑↑↑↑↑↑-------------------------

# 将新的pv加入 centos 卷组
[root@liuyehcf ~]$ vgextend centos /dev/sdb1
#-------------------------↓↓↓↓↓↓-------------------------
  Volume group "centos" successfully extended
#-------------------------↑↑↑↑↑↑-------------------------

# 再次查看卷组，发现Free PE有8个G
[root@liuyehcf ~]$ vgdisplay
#-------------------------↓↓↓↓↓↓-------------------------
  --- Volume group ---
  VG Name               centos
  System ID
  Format                lvm2
  Metadata Areas        2
  Metadata Sequence No  4
  VG Access             read/write
  VG Status             resizable
  MAX LV                0
  Cur LV                2
  Open LV               2
  Max PV                0
  Cur PV                2
  Act PV                2
  VG Size               <18.09 GiB
  PE Size               4.00 MiB
  Total PE              4631
  Alloc PE / Size       2583 / <10.09 GiB
  Free  PE / Size       2048 / 8.00 GiB
  VG UUID               dgAwma-p7HF-cIKR-07w9-smjU-twhD-cXGeWy
#-------------------------↑↑↑↑↑↑-------------------------

# 将当前卷组中剩余 P E添加到 centos-root 中
[root@liuyehcf ~]$ lvextend -l +100%FREE /dev/mapper/centos-root
#-------------------------↓↓↓↓↓↓-------------------------
  Size of logical volume centos/root changed from 8.98 GiB (2299 extents) to 16.98 GiB (4347 extents).
  Logical volume centos/root successfully resized.
#-------------------------↑↑↑↑↑↑-------------------------

# 扩展centos-root文件系统
[root@liuyehcf ~]$ xfs_growfs /dev/mapper/centos-root
#-------------------------↓↓↓↓↓↓-------------------------
meta-data=/dev/mapper/centos-root isize=512    agcount=4, agsize=588544 blks
         =                       sectsz=512   attr=2, projid32bit=1
         =                       crc=1        finobt=0 spinodes=0
data     =                       bsize=4096   blocks=2354176, imaxpct=25
         =                       sunit=0      swidth=0 blks
naming   =version 2              bsize=4096   ascii-ci=0 ftype=1
log      =internal               bsize=4096   blocks=2560, version=2
         =                       sectsz=512   sunit=0 blks, lazy-count=1
realtime =none                   extsz=4096   blocks=0, rtextents=0
data blocks changed from 2354176 to 4451328
#-------------------------↑↑↑↑↑↑-------------------------
```

# 3 Ubuntu装机

__博主安装的是server版本__

1. 设置root密码：`sudo passwd root`
1. 网卡配置文件为`/etc/network/interfaces`（无需修改）
1. 安装openssh：`apt-get install -y openssh-server`
1. 修改ssh配置文件`/etc/ssh/sshd_config`，将`PermitRootLogin`改为`yes`，重启sshd：`service ssh restart`

# 4 制作U盘启动盘

## 4.1 MacOS

```sh
# 先列出所有设备
diskutil list

# 找到u盘对应的设备，比如这里是 /dev/disk6，卸载它
diskutil unmountDisk /dev/disk6

# 烧制ISO文件到u盘
sudo dd if=<iso文件路径> of=/dev/disk6 bs=1m

# 弹出磁盘
diskutil eject /dev/disk6
```

## 4.2 Linux

```sh
# 先列出所有设备
fdisk -l

# 找到u盘对应的设备，比如这里是 /dev/sdb，卸载它
umount /dev/sdb

# 烧制ISO文件到u盘
sudo dd if=<iso文件路径> of=/dev/sdb
```

# 5 参考

* [CentOS 7 调整 home分区 扩大 root分区](https://my.oschina.net/jasonMrliu/blog/1604954)
* [手把手教你给 CentOS 7 添加硬盘及扩容(LVM)](https://aurthurxlc.github.io/Aurthur-2017/Centos-7-extend-lvm-volume.html)
* [Linux Creating a Partition Size Larger Than 2TB](https://www.cyberciti.biz/tips/fdisk-unable-to-create-partition-greater-2tb.html)
